[spinscoinslink.blogspot.com/index.html]
[backblue.gif]
[fade.gif]
[index.html]
[browser.sentry-cdn.com/6.4.1/bundle.min.js]
[www.google-analytics.com/analytics.js]
[d266key948fg17.cloudfront.net/uploads/160453363869cb4366c5ef2e42f2f380b2cbd1cb3d.jpg]
[d266key948fg17.cloudfront.net/uploads/160436571329924a368b12ab7c763d16a4ce7c06b1.png]
[d266key948fg17.cloudfront.net/uploads/160436568967968d331daa38c7a6a954a0aa4fca4c.png]
[d266key948fg17.cloudfront.net/uploads/16043657032b82c89c8eee568e887037f8f309f721.png]
[spinscoinslink.blogspot.com/img/xbox.6.delayed]
[spinscoinslink.blogspot.com/img/playstation.7.delayed]
[spinscoinslink.blogspot.com/img/nintendo.8.delayed]
[d266key948fg17.cloudfront.net/uploads/1604533638e366fc2628d5b4622a419d4a705b20f8.png]
[d266key948fg17.cloudfront.net/uploads/160453363803d4cdac24381725ebb217899f50f80a.png]
[d266key948fg17.cloudfront.net/uploads/16045336391512dba23c89eb30c12860ed7fbb0ad0.png]
[d266key948fg17.cloudfront.net/uploads/16045336391ddad138ed821761d3d1acd61a69122b.png]
[spinscoinslink.blogspot.com/style.d.delayed]
[d266key948fg17.cloudfront.net/uploads/160453364067f2d27895daf1622f05561fd9a43e77.png]
[d266key948fg17.cloudfront.net/uploads/16045336405cc6ae87c758b130ae53ebb51e50c96a.png]
[d266key948fg17.cloudfront.net/uploads/16045550968c91c5506ae72df6da090b92c1549ca6.png]
[d266key948fg17.cloudfront.net/uploads/16043656942322cec5430f36cf035cf9b2c3c8c619.png]
[d266key948fg17.cloudfront.net/uploads/1604367039ec0edcc30eebf438c0489974183b97da.png]
[spinscoinslink.blogspot.com/main.13.delayed]
[ajax.googleapis.com/ajax/libs/jquery/2.2.4/jquery.min.js]
[d3qborf6vf5lth.cloudfront.net/5f23695.js]
[spinscoinslink.blogspot.com/customTemplateGlobal.16.delayed]
[spinscoinslink.blogspot.com/index.html]
[spinscoinslink.blogspot.com/img/xbox.html]
[spinscoinslink.blogspot.com/img/playstation.html]
[spinscoinslink.blogspot.com/img/nintendo.html]
[spinscoinslink.blogspot.com/style.html]
[spinscoinslink.blogspot.com/main.html]
[spinscoinslink.blogspot.com/customTemplateGlobal.html]
